------------------------------------------------------------
Timing Analyzer Summary
------------------------------------------------------------

Type  : Slow 1100mV 100C Model Setup 'i_clk'
Slack : -3.493
TNS   : -292.544

Type  : Slow 1100mV 100C Model Hold 'i_clk'
Slack : 0.330
TNS   : 0.000

Type  : Slow 1100mV 100C Model Minimum Pulse Width 'i_clk'
Slack : -0.538
TNS   : -89.607

Type  : Slow 1100mV -40C Model Setup 'i_clk'
Slack : -3.541
TNS   : -297.077

Type  : Slow 1100mV -40C Model Hold 'i_clk'
Slack : 0.320
TNS   : 0.000

Type  : Slow 1100mV -40C Model Minimum Pulse Width 'i_clk'
Slack : -0.538
TNS   : -82.341

Type  : Fast 1100mV 100C Model Setup 'i_clk'
Slack : -1.068
TNS   : -92.128

Type  : Fast 1100mV 100C Model Hold 'i_clk'
Slack : 0.166
TNS   : 0.000

Type  : Fast 1100mV 100C Model Minimum Pulse Width 'i_clk'
Slack : -0.393
TNS   : -45.047

Type  : Fast 1100mV -40C Model Setup 'i_clk'
Slack : -0.873
TNS   : -70.704

Type  : Fast 1100mV -40C Model Hold 'i_clk'
Slack : 0.147
TNS   : 0.000

Type  : Fast 1100mV -40C Model Minimum Pulse Width 'i_clk'
Slack : -0.451
TNS   : -58.830

------------------------------------------------------------
